// Vitest Snapshot v1, https://vitest.dev/guide/snapshot.html

exports[`Game test suite via socket.io > Test complete flow with all events > Post move 1`] = `"{"gamePlayer":2,"publicTournamentId":null,"privateTournamentId":null,"discardPile":["4","10","8","2","trickser","trickser","12","3","13","7","7"],"balls":[{"state":"locked","player":0,"position":83},{"state":"locked","player":0,"position":82},{"state":"locked","player":0,"position":80},{"state":"locked","player":0,"position":81},{"state":"locked","player":1,"position":86},{"state":"locked","player":1,"position":85},{"state":"locked","player":1,"position":84},{"state":"locked","player":1,"position":87},{"state":"locked","player":2,"position":89},{"state":"locked","player":2,"position":88},{"state":"locked","player":2,"position":91},{"state":"locked","player":2,"position":90},{"state":"locked","player":3,"position":93},{"state":"valid","player":3,"position":48},{"state":"locked","player":3,"position":95},{"state":"locked","player":3,"position":94}],"priorBalls":[{"state":"locked","player":0,"position":83},{"state":"locked","player":0,"position":82},{"state":"locked","player":0,"position":80},{"state":"locked","player":0,"position":81},{"state":"locked","player":1,"position":86},{"state":"locked","player":1,"position":85},{"state":"locked","player":1,"position":84},{"state":"locked","player":1,"position":87},{"state":"locked","player":2,"position":89},{"state":"locked","player":2,"position":88},{"state":"locked","player":2,"position":91},{"state":"locked","player":2,"position":90},{"state":"locked","player":3,"position":93},{"state":"valid","player":3,"position":41},{"state":"locked","player":3,"position":95},{"state":"locked","player":3,"position":94}],"cards":[{"title":"2","possible":false,"ballActions":{},"textAction":""},{"title":"3","possible":false,"ballActions":{},"textAction":""},{"title":"7","possible":false,"ballActions":{},"textAction":""}],"ownCards":["2","3","7"],"players":[{"name":"username0","remainingCards":2,"active":false,"playerNumber":0,"team":0,"narrFlag":[false,false],"discarded":false},{"name":"username1","remainingCards":2,"active":false,"playerNumber":1,"team":1,"narrFlag":[false,false],"discarded":true},{"name":"username2","remainingCards":3,"active":true,"playerNumber":2,"team":0,"narrFlag":[false,false],"discarded":false},{"name":"username3","remainingCards":2,"active":false,"playerNumber":3,"team":1,"narrFlag":[false,false],"discarded":false}],"gameEnded":true,"winningTeams":[true,false],"aussetzenFlag":false,"teufelFlag":false,"running":false,"coopCounter":-1,"statistic":[{"cards":{"1":[3,3,1],"4":[2,2,5],"7":[9,8,0],"8":[5,5,0],"13":[3,3,0],"tac":[2,2,0],"narr":[0,0,0],"engel":[0,0,0],"total":[83,75,17],"teufel":[0,0,0],"krieger":[0,0,0],"trickser":[2,2,1]},"actions":{"nMoves":67,"nAussetzen":4,"nBallsLost":0,"timePlayed":0,"nAbgeworfen":7,"nBallsKickedSelf":0,"nBallsKickedEnemy":0,"nBallsKickedOwnTeam":3}},{"cards":{"1":[6,5,1],"4":[2,2,0],"7":[4,4,0],"8":[4,4,0],"13":[4,4,2],"tac":[1,1,1],"narr":[0,0,0],"engel":[0,0,0],"total":[74,60,17],"teufel":[0,0,0],"krieger":[0,0,0],"trickser":[2,1,3]},"actions":{"nMoves":61,"nAussetzen":4,"nBallsLost":1,"timePlayed":0,"nAbgeworfen":12,"nBallsKickedSelf":0,"nBallsKickedEnemy":1,"nBallsKickedOwnTeam":1}},{"cards":{"1":[5,5,2],"4":[7,4,1],"7":[1,1,3],"8":[1,0,1],"13":[5,5,2],"tac":[3,2,0],"narr":[0,0,0],"engel":[0,0,0],"total":[79,59,19],"teufel":[0,0,0],"krieger":[0,0,0],"trickser":[3,2,0]},"actions":{"nMoves":64,"nAussetzen":0,"nBallsLost":7,"timePlayed":0,"nAbgeworfen":14,"nBallsKickedSelf":0,"nBallsKickedEnemy":3,"nBallsKickedOwnTeam":0}},{"cards":{"1":[3,3,1],"4":[3,3,1],"7":[0,0,1],"8":[3,2,2],"13":[6,6,0],"tac":[2,2,0],"narr":[0,0,0],"engel":[0,0,0],"total":[72,55,15],"teufel":[0,0,0],"krieger":[0,0,0],"trickser":[7,4,0]},"actions":{"nMoves":58,"nAussetzen":1,"nBallsLost":3,"timePlayed":0,"nAbgeworfen":13,"nBallsKickedSelf":0,"nBallsKickedEnemy":3,"nBallsKickedOwnTeam":0}}],"tradeDirection":-1,"deckInfo":[3,100],"colors":["red","blue","green","black"],"created":1611954094000,"lastPlayed":0,"rematch_open":true,"substitutedPlayerIndices":[],"substitution":null,"playernames":["UserA","UserB","UserC","UserD"],"teams":[[0,2],[1,3]]}"`;

exports[`Game test suite via socket.io > Test complete flow with all events > Post move 2`] = `"{"gamePlayer":3,"publicTournamentId":null,"privateTournamentId":null,"discardPile":["4","10","8","2","trickser","trickser","12","3","13","7","7"],"balls":[{"state":"locked","player":0,"position":83},{"state":"locked","player":0,"position":82},{"state":"locked","player":0,"position":80},{"state":"locked","player":0,"position":81},{"state":"locked","player":1,"position":86},{"state":"locked","player":1,"position":85},{"state":"locked","player":1,"position":84},{"state":"locked","player":1,"position":87},{"state":"locked","player":2,"position":89},{"state":"locked","player":2,"position":88},{"state":"locked","player":2,"position":91},{"state":"locked","player":2,"position":90},{"state":"locked","player":3,"position":93},{"state":"valid","player":3,"position":48},{"state":"locked","player":3,"position":95},{"state":"locked","player":3,"position":94}],"priorBalls":[{"state":"locked","player":0,"position":83},{"state":"locked","player":0,"position":82},{"state":"locked","player":0,"position":80},{"state":"locked","player":0,"position":81},{"state":"locked","player":1,"position":86},{"state":"locked","player":1,"position":85},{"state":"locked","player":1,"position":84},{"state":"locked","player":1,"position":87},{"state":"locked","player":2,"position":89},{"state":"locked","player":2,"position":88},{"state":"locked","player":2,"position":91},{"state":"locked","player":2,"position":90},{"state":"locked","player":3,"position":93},{"state":"valid","player":3,"position":41},{"state":"locked","player":3,"position":95},{"state":"locked","player":3,"position":94}],"cards":[{"title":"5","possible":false,"ballActions":{},"textAction":""},{"title":"7","possible":false,"ballActions":{},"textAction":""}],"ownCards":["5","7"],"players":[{"name":"username0","remainingCards":2,"active":false,"playerNumber":0,"team":0,"narrFlag":[false,false],"discarded":false},{"name":"username1","remainingCards":2,"active":false,"playerNumber":1,"team":1,"narrFlag":[false,false],"discarded":true},{"name":"username2","remainingCards":3,"active":true,"playerNumber":2,"team":0,"narrFlag":[false,false],"discarded":false},{"name":"username3","remainingCards":2,"active":false,"playerNumber":3,"team":1,"narrFlag":[false,false],"discarded":false}],"gameEnded":true,"winningTeams":[true,false],"aussetzenFlag":false,"teufelFlag":false,"running":false,"coopCounter":-1,"statistic":[{"cards":{"1":[3,3,1],"4":[2,2,5],"7":[9,8,0],"8":[5,5,0],"13":[3,3,0],"tac":[2,2,0],"narr":[0,0,0],"engel":[0,0,0],"total":[83,75,17],"teufel":[0,0,0],"krieger":[0,0,0],"trickser":[2,2,1]},"actions":{"nMoves":67,"nAussetzen":4,"nBallsLost":0,"timePlayed":0,"nAbgeworfen":7,"nBallsKickedSelf":0,"nBallsKickedEnemy":0,"nBallsKickedOwnTeam":3}},{"cards":{"1":[6,5,1],"4":[2,2,0],"7":[4,4,0],"8":[4,4,0],"13":[4,4,2],"tac":[1,1,1],"narr":[0,0,0],"engel":[0,0,0],"total":[74,60,17],"teufel":[0,0,0],"krieger":[0,0,0],"trickser":[2,1,3]},"actions":{"nMoves":61,"nAussetzen":4,"nBallsLost":1,"timePlayed":0,"nAbgeworfen":12,"nBallsKickedSelf":0,"nBallsKickedEnemy":1,"nBallsKickedOwnTeam":1}},{"cards":{"1":[5,5,2],"4":[7,4,1],"7":[1,1,3],"8":[1,0,1],"13":[5,5,2],"tac":[3,2,0],"narr":[0,0,0],"engel":[0,0,0],"total":[79,59,19],"teufel":[0,0,0],"krieger":[0,0,0],"trickser":[3,2,0]},"actions":{"nMoves":64,"nAussetzen":0,"nBallsLost":7,"timePlayed":0,"nAbgeworfen":14,"nBallsKickedSelf":0,"nBallsKickedEnemy":3,"nBallsKickedOwnTeam":0}},{"cards":{"1":[3,3,1],"4":[3,3,1],"7":[0,0,1],"8":[3,2,2],"13":[6,6,0],"tac":[2,2,0],"narr":[0,0,0],"engel":[0,0,0],"total":[72,55,15],"teufel":[0,0,0],"krieger":[0,0,0],"trickser":[7,4,0]},"actions":{"nMoves":58,"nAussetzen":1,"nBallsLost":3,"timePlayed":0,"nAbgeworfen":13,"nBallsKickedSelf":0,"nBallsKickedEnemy":3,"nBallsKickedOwnTeam":0}}],"tradeDirection":-1,"deckInfo":[3,100],"colors":["red","blue","green","black"],"created":1611954094000,"lastPlayed":0,"rematch_open":true,"substitutedPlayerIndices":[],"substitution":null,"playernames":["UserA","UserB","UserC","UserD"],"teams":[[0,2],[1,3]]}"`;

exports[`Game test suite via socket.io > Test complete flow with all events > Register first player 1`] = `"{"gamePlayer":2,"publicTournamentId":null,"privateTournamentId":null,"discardPile":["4","10","8","2","trickser","trickser","12","3","13","7","7"],"balls":[{"state":"locked","player":0,"position":83},{"state":"locked","player":0,"position":82},{"state":"locked","player":0,"position":80},{"state":"locked","player":0,"position":81},{"state":"locked","player":1,"position":86},{"state":"locked","player":1,"position":85},{"state":"locked","player":1,"position":84},{"state":"locked","player":1,"position":87},{"state":"locked","player":2,"position":89},{"state":"locked","player":2,"position":88},{"state":"locked","player":2,"position":91},{"state":"locked","player":2,"position":90},{"state":"locked","player":3,"position":93},{"state":"valid","player":3,"position":48},{"state":"locked","player":3,"position":95},{"state":"locked","player":3,"position":94}],"priorBalls":[{"state":"locked","player":0,"position":83},{"state":"locked","player":0,"position":82},{"state":"locked","player":0,"position":80},{"state":"locked","player":0,"position":81},{"state":"locked","player":1,"position":86},{"state":"locked","player":1,"position":85},{"state":"locked","player":1,"position":84},{"state":"locked","player":1,"position":87},{"state":"locked","player":2,"position":89},{"state":"locked","player":2,"position":88},{"state":"locked","player":2,"position":91},{"state":"locked","player":2,"position":90},{"state":"locked","player":3,"position":93},{"state":"valid","player":3,"position":41},{"state":"locked","player":3,"position":95},{"state":"locked","player":3,"position":94}],"cards":[{"title":"2","possible":true,"textAction":"beenden","ballActions":{}},{"title":"3","possible":true,"textAction":"beenden","ballActions":{}},{"title":"7","possible":true,"textAction":"beenden","ballActions":{}}],"ownCards":["2","3","7"],"players":[{"name":"username0","remainingCards":2,"active":false,"playerNumber":0,"team":0,"narrFlag":[false,false],"discarded":false},{"name":"username1","remainingCards":2,"active":false,"playerNumber":1,"team":1,"narrFlag":[false,false],"discarded":true},{"name":"username2","remainingCards":3,"active":true,"playerNumber":2,"team":0,"narrFlag":[false,false],"discarded":false},{"name":"username3","remainingCards":2,"active":false,"playerNumber":3,"team":1,"narrFlag":[false,false],"discarded":false}],"gameEnded":false,"winningTeams":[true,false],"aussetzenFlag":false,"teufelFlag":false,"running":true,"coopCounter":-1,"statistic":[{"cards":{"1":[3,3,1],"4":[2,2,5],"7":[9,8,0],"8":[5,5,0],"13":[3,3,0],"tac":[2,2,0],"narr":[0,0,0],"engel":[0,0,0],"total":[83,75,17],"teufel":[0,0,0],"krieger":[0,0,0],"trickser":[2,2,1]},"actions":{"nMoves":67,"nAussetzen":4,"nBallsLost":0,"timePlayed":0,"nAbgeworfen":7,"nBallsKickedSelf":0,"nBallsKickedEnemy":0,"nBallsKickedOwnTeam":3}},{"cards":{"1":[6,5,1],"4":[2,2,0],"7":[4,4,0],"8":[4,4,0],"13":[4,4,2],"tac":[1,1,1],"narr":[0,0,0],"engel":[0,0,0],"total":[74,60,17],"teufel":[0,0,0],"krieger":[0,0,0],"trickser":[2,1,3]},"actions":{"nMoves":61,"nAussetzen":4,"nBallsLost":1,"timePlayed":0,"nAbgeworfen":12,"nBallsKickedSelf":0,"nBallsKickedEnemy":1,"nBallsKickedOwnTeam":1}},{"cards":{"1":[5,5,2],"4":[7,4,1],"7":[1,1,3],"8":[1,0,1],"13":[5,5,2],"tac":[3,2,0],"narr":[0,0,0],"engel":[0,0,0],"total":[78,58,19],"teufel":[0,0,0],"krieger":[0,0,0],"trickser":[3,2,0]},"actions":{"nMoves":63,"nAussetzen":0,"nBallsLost":7,"timePlayed":0,"nAbgeworfen":14,"nBallsKickedSelf":0,"nBallsKickedEnemy":3,"nBallsKickedOwnTeam":0}},{"cards":{"1":[3,3,1],"4":[3,3,1],"7":[0,0,1],"8":[3,2,2],"13":[6,6,0],"tac":[2,2,0],"narr":[0,0,0],"engel":[0,0,0],"total":[72,55,15],"teufel":[0,0,0],"krieger":[0,0,0],"trickser":[7,4,0]},"actions":{"nMoves":58,"nAussetzen":1,"nBallsLost":3,"timePlayed":0,"nAbgeworfen":13,"nBallsKickedSelf":0,"nBallsKickedEnemy":3,"nBallsKickedOwnTeam":0}}],"tradeDirection":-1,"deckInfo":[3,100],"colors":["red","blue","green","black"],"created":1611954094000,"lastPlayed":0,"rematch_open":false,"substitutedPlayerIndices":[],"substitution":null,"playernames":["UserA","UserB","UserC","UserD"],"teams":[[0,2],[1,3]]}"`;

exports[`Game test suite via socket.io > Test complete flow with all events > Register second player 1`] = `"{"gamePlayer":3,"publicTournamentId":null,"privateTournamentId":null,"discardPile":["4","10","8","2","trickser","trickser","12","3","13","7","7"],"balls":[{"state":"locked","player":0,"position":83},{"state":"locked","player":0,"position":82},{"state":"locked","player":0,"position":80},{"state":"locked","player":0,"position":81},{"state":"locked","player":1,"position":86},{"state":"locked","player":1,"position":85},{"state":"locked","player":1,"position":84},{"state":"locked","player":1,"position":87},{"state":"locked","player":2,"position":89},{"state":"locked","player":2,"position":88},{"state":"locked","player":2,"position":91},{"state":"locked","player":2,"position":90},{"state":"locked","player":3,"position":93},{"state":"valid","player":3,"position":48},{"state":"locked","player":3,"position":95},{"state":"locked","player":3,"position":94}],"priorBalls":[{"state":"locked","player":0,"position":83},{"state":"locked","player":0,"position":82},{"state":"locked","player":0,"position":80},{"state":"locked","player":0,"position":81},{"state":"locked","player":1,"position":86},{"state":"locked","player":1,"position":85},{"state":"locked","player":1,"position":84},{"state":"locked","player":1,"position":87},{"state":"locked","player":2,"position":89},{"state":"locked","player":2,"position":88},{"state":"locked","player":2,"position":91},{"state":"locked","player":2,"position":90},{"state":"locked","player":3,"position":93},{"state":"valid","player":3,"position":41},{"state":"locked","player":3,"position":95},{"state":"locked","player":3,"position":94}],"cards":[{"title":"5","possible":false,"ballActions":{},"textAction":""},{"title":"7","possible":false,"ballActions":{},"textAction":""}],"ownCards":["5","7"],"players":[{"name":"username0","remainingCards":2,"active":false,"playerNumber":0,"team":0,"narrFlag":[false,false],"discarded":false},{"name":"username1","remainingCards":2,"active":false,"playerNumber":1,"team":1,"narrFlag":[false,false],"discarded":true},{"name":"username2","remainingCards":3,"active":true,"playerNumber":2,"team":0,"narrFlag":[false,false],"discarded":false},{"name":"username3","remainingCards":2,"active":false,"playerNumber":3,"team":1,"narrFlag":[false,false],"discarded":false}],"gameEnded":false,"winningTeams":[true,false],"aussetzenFlag":false,"teufelFlag":false,"running":true,"coopCounter":-1,"statistic":[{"cards":{"1":[3,3,1],"4":[2,2,5],"7":[9,8,0],"8":[5,5,0],"13":[3,3,0],"tac":[2,2,0],"narr":[0,0,0],"engel":[0,0,0],"total":[83,75,17],"teufel":[0,0,0],"krieger":[0,0,0],"trickser":[2,2,1]},"actions":{"nMoves":67,"nAussetzen":4,"nBallsLost":0,"timePlayed":0,"nAbgeworfen":7,"nBallsKickedSelf":0,"nBallsKickedEnemy":0,"nBallsKickedOwnTeam":3}},{"cards":{"1":[6,5,1],"4":[2,2,0],"7":[4,4,0],"8":[4,4,0],"13":[4,4,2],"tac":[1,1,1],"narr":[0,0,0],"engel":[0,0,0],"total":[74,60,17],"teufel":[0,0,0],"krieger":[0,0,0],"trickser":[2,1,3]},"actions":{"nMoves":61,"nAussetzen":4,"nBallsLost":1,"timePlayed":0,"nAbgeworfen":12,"nBallsKickedSelf":0,"nBallsKickedEnemy":1,"nBallsKickedOwnTeam":1}},{"cards":{"1":[5,5,2],"4":[7,4,1],"7":[1,1,3],"8":[1,0,1],"13":[5,5,2],"tac":[3,2,0],"narr":[0,0,0],"engel":[0,0,0],"total":[78,58,19],"teufel":[0,0,0],"krieger":[0,0,0],"trickser":[3,2,0]},"actions":{"nMoves":63,"nAussetzen":0,"nBallsLost":7,"timePlayed":0,"nAbgeworfen":14,"nBallsKickedSelf":0,"nBallsKickedEnemy":3,"nBallsKickedOwnTeam":0}},{"cards":{"1":[3,3,1],"4":[3,3,1],"7":[0,0,1],"8":[3,2,2],"13":[6,6,0],"tac":[2,2,0],"narr":[0,0,0],"engel":[0,0,0],"total":[72,55,15],"teufel":[0,0,0],"krieger":[0,0,0],"trickser":[7,4,0]},"actions":{"nMoves":58,"nAussetzen":1,"nBallsLost":3,"timePlayed":0,"nAbgeworfen":13,"nBallsKickedSelf":0,"nBallsKickedEnemy":3,"nBallsKickedOwnTeam":0}}],"tradeDirection":-1,"deckInfo":[3,100],"colors":["red","blue","green","black"],"created":1611954094000,"lastPlayed":0,"rematch_open":false,"substitutedPlayerIndices":[],"substitution":null,"playernames":["UserA","UserB","UserC","UserD"],"teams":[[0,2],[1,3]]}"`;

exports[`Game test suite via socket.io > Test dealCards > Register player and expect dealCards 1`] = `"{"gamePlayer":0,"publicTournamentId":null,"privateTournamentId":null,"discardPile":[],"balls":[{"state":"locked","player":0,"position":83},{"state":"locked","player":0,"position":82},{"state":"locked","player":0,"position":80},{"state":"locked","player":0,"position":81},{"state":"locked","player":1,"position":86},{"state":"locked","player":1,"position":85},{"state":"locked","player":1,"position":84},{"state":"locked","player":1,"position":87},{"state":"locked","player":2,"position":89},{"state":"locked","player":2,"position":88},{"state":"locked","player":2,"position":91},{"state":"locked","player":2,"position":90},{"state":"locked","player":3,"position":93},{"state":"valid","player":3,"position":48},{"state":"locked","player":3,"position":95},{"state":"locked","player":3,"position":94}],"priorBalls":[{"state":"locked","player":0,"position":83},{"state":"locked","player":0,"position":82},{"state":"locked","player":0,"position":80},{"state":"locked","player":0,"position":81},{"state":"locked","player":1,"position":86},{"state":"locked","player":1,"position":85},{"state":"locked","player":1,"position":84},{"state":"locked","player":1,"position":87},{"state":"locked","player":2,"position":89},{"state":"locked","player":2,"position":88},{"state":"locked","player":2,"position":91},{"state":"locked","player":2,"position":90},{"state":"locked","player":3,"position":93},{"state":"valid","player":3,"position":48},{"state":"locked","player":3,"position":95},{"state":"locked","player":3,"position":94}],"cards":[{"title":"3","possible":true,"ballActions":{},"textAction":"tauschen"},{"title":"6","possible":true,"ballActions":{},"textAction":"tauschen"},{"title":"tac","possible":true,"ballActions":{},"textAction":"tauschen"},{"title":"7","possible":true,"ballActions":{},"textAction":"tauschen"},{"title":"4","possible":true,"ballActions":{},"textAction":"tauschen"}],"ownCards":["3","6","tac","7","4"],"players":[{"name":"username0","remainingCards":5,"active":true,"playerNumber":0,"team":0,"narrFlag":[false,false],"discarded":false,"tradeInformation":[false,false]},{"name":"username1","remainingCards":5,"active":false,"playerNumber":1,"team":1,"narrFlag":[false,false],"discarded":true,"tradeInformation":[true,false]},{"name":"username2","remainingCards":5,"active":false,"playerNumber":2,"team":0,"narrFlag":[false,false],"discarded":false,"tradeInformation":[true,false]},{"name":"username3","remainingCards":5,"active":false,"playerNumber":3,"team":1,"narrFlag":[false,false],"discarded":false,"tradeInformation":[true,false]}],"gameEnded":false,"winningTeams":[true,false],"aussetzenFlag":false,"teufelFlag":false,"running":true,"coopCounter":-1,"statistic":[{"cards":{"1":[3,3,1],"4":[2,2,5],"7":[9,8,0],"8":[5,5,0],"13":[3,3,0],"tac":[2,2,0],"narr":[0,0,0],"engel":[0,0,0],"total":[83,75,17],"teufel":[0,0,0],"krieger":[0,0,0],"trickser":[2,2,1]},"actions":{"nMoves":67,"nAussetzen":4,"nBallsLost":0,"timePlayed":0,"nAbgeworfen":7,"nBallsKickedSelf":0,"nBallsKickedEnemy":0,"nBallsKickedOwnTeam":3}},{"cards":{"1":[6,5,1],"4":[2,2,0],"7":[4,4,0],"8":[4,4,0],"13":[4,4,2],"tac":[1,1,1],"narr":[0,0,0],"engel":[0,0,0],"total":[74,60,17],"teufel":[0,0,0],"krieger":[0,0,0],"trickser":[2,1,3]},"actions":{"nMoves":61,"nAussetzen":4,"nBallsLost":1,"timePlayed":0,"nAbgeworfen":12,"nBallsKickedSelf":0,"nBallsKickedEnemy":1,"nBallsKickedOwnTeam":1}},{"cards":{"1":[5,5,2],"4":[7,4,1],"7":[1,1,3],"8":[1,0,1],"13":[5,5,2],"tac":[3,2,0],"narr":[0,0,0],"engel":[0,0,0],"total":[78,58,19],"teufel":[0,0,0],"krieger":[0,0,0],"trickser":[3,2,0]},"actions":{"nMoves":63,"nAussetzen":0,"nBallsLost":7,"timePlayed":0,"nAbgeworfen":14,"nBallsKickedSelf":0,"nBallsKickedEnemy":3,"nBallsKickedOwnTeam":0}},{"cards":{"1":[3,3,1],"4":[3,3,1],"7":[0,0,1],"8":[3,2,2],"13":[6,6,0],"tac":[2,2,0],"narr":[0,0,0],"engel":[0,0,0],"total":[72,55,15],"teufel":[0,0,0],"krieger":[0,0,0],"trickser":[7,4,0]},"actions":{"nMoves":58,"nAussetzen":1,"nBallsLost":3,"timePlayed":0,"nAbgeworfen":13,"nBallsKickedSelf":0,"nBallsKickedEnemy":3,"nBallsKickedOwnTeam":0}}],"tradeDirection":-1,"deckInfo":[0,80],"colors":["red","blue","green","black"],"created":1611954094000,"lastPlayed":0,"rematch_open":false,"discardedFlag":false,"substitutedPlayerIndices":[],"substitution":null,"playernames":["UserA","UserB","UserC","UserD"],"teams":[[0,2],[1,3]]}"`;
