// Vitest Snapshot v1, https://vitest.dev/guide/snapshot.html

exports[`Platform PlayerStatistic Test Suite > Should return playerStats of existing player 1`] = `
{
  "gamesDistribution": {
    "aborted": 2,
    "lost4": 0,
    "lost6": 0,
    "running": 5,
    "teamAborted": 0,
    "teamWon": 2,
    "won4": 1,
    "won6": 0,
  },
  "history": [
    "coop",
    "coop",
    "won",
    "running",
    "running",
    "running",
    "running",
    "running",
    "aborted",
    "aborted",
  ],
  "hof": [
    "verlag",
  ],
  "people": {
    "UserB": [
      0,
      0,
      1,
      1,
      3,
    ],
    "UserC": [
      1,
      1,
      0,
      0,
      3,
    ],
    "UserD": [
      0,
      0,
      1,
      1,
      3,
    ],
    "UserE": [
      0,
      0,
      0,
      0,
      1,
    ],
    "UserF": [
      0,
      0,
      0,
      0,
      1,
    ],
  },
  "players": {
    "bestPartner": "UserC",
    "mostFrequent": "UserB",
    "worstEnemy": "UserB",
  },
  "subscriber": false,
  "table": [
    100,
    52,
    78,
    77,
    71,
    87,
    60,
  ],
  "userDescription": "",
}
`;

exports[`Platform PlayerStatistic Test Suite > Should return tournamentParticipations of existing player 1`] = `
[
  {
    "date": "2022-01-01T00:10:00.000Z",
    "exitRound": 2,
    "id": 1,
    "placement": 2,
    "team": {
      "name": "TeamA",
      "playerids": [
        1,
        2,
      ],
      "players": [
        "UserA",
        "UserB",
      ],
    },
    "title": "TournamentA",
    "totalRounds": 2,
  },
]
`;

exports[`Platform PlayerStatistic Test Suite > Should return userGraph of existing player 1`] = `
{
  "graph": {
    "edges": [
      {
        "data": {
          "id": "e0",
          "source": "1",
          "target": "2",
          "together": false,
          "weight": 1,
        },
      },
      {
        "data": {
          "id": "e1",
          "source": "1",
          "target": "3",
          "together": true,
          "weight": 0.6666666666666666,
        },
      },
      {
        "data": {
          "id": "e2",
          "source": "1",
          "target": "4",
          "together": false,
          "weight": 0.6666666666666666,
        },
      },
      {
        "data": {
          "id": "e3",
          "source": "2",
          "target": "3",
          "together": false,
          "weight": 1,
        },
      },
      {
        "data": {
          "id": "e4",
          "source": "2",
          "target": "4",
          "together": true,
          "weight": 0.6666666666666666,
        },
      },
      {
        "data": {
          "id": "e5",
          "source": "3",
          "target": "4",
          "together": false,
          "weight": 1,
        },
      },
      {
        "data": {
          "id": "e6",
          "source": "1",
          "target": "3",
          "together": false,
          "weight": 0.3333333333333333,
        },
      },
      {
        "data": {
          "id": "e7",
          "source": "1",
          "target": "4",
          "together": true,
          "weight": 0.3333333333333333,
        },
      },
      {
        "data": {
          "id": "e8",
          "source": "1",
          "target": "5",
          "together": false,
          "weight": 0.3333333333333333,
        },
      },
      {
        "data": {
          "id": "e9",
          "source": "1",
          "target": "6",
          "together": false,
          "weight": 0.3333333333333333,
        },
      },
      {
        "data": {
          "id": "e10",
          "source": "2",
          "target": "4",
          "together": false,
          "weight": 0.3333333333333333,
        },
      },
      {
        "data": {
          "id": "e11",
          "source": "2",
          "target": "5",
          "together": true,
          "weight": 0.3333333333333333,
        },
      },
      {
        "data": {
          "id": "e12",
          "source": "2",
          "target": "6",
          "together": false,
          "weight": 0.3333333333333333,
        },
      },
      {
        "data": {
          "id": "e13",
          "source": "3",
          "target": "5",
          "together": false,
          "weight": 0.3333333333333333,
        },
      },
      {
        "data": {
          "id": "e14",
          "source": "3",
          "target": "6",
          "together": true,
          "weight": 0.3333333333333333,
        },
      },
      {
        "data": {
          "id": "e15",
          "source": "4",
          "target": "5",
          "together": false,
          "weight": 0.3333333333333333,
        },
      },
      {
        "data": {
          "id": "e16",
          "source": "4",
          "target": "6",
          "together": false,
          "weight": 0.3333333333333333,
        },
      },
      {
        "data": {
          "id": "e17",
          "source": "5",
          "target": "6",
          "together": false,
          "weight": 0.3333333333333333,
        },
      },
    ],
    "nodes": [
      {
        "data": {
          "id": "1",
          "idInt": 1,
          "name": "UserA",
          "score": 1,
        },
      },
      {
        "data": {
          "id": "2",
          "idInt": 2,
          "name": "UserB",
          "score": 1,
        },
      },
      {
        "data": {
          "id": "3",
          "idInt": 3,
          "name": "UserC",
          "score": 1,
        },
      },
      {
        "data": {
          "id": "4",
          "idInt": 4,
          "name": "UserD",
          "score": 1,
        },
      },
      {
        "data": {
          "id": "5",
          "idInt": 5,
          "name": "UserE",
          "score": 0.3333333333333333,
        },
      },
      {
        "data": {
          "id": "6",
          "idInt": 6,
          "name": "UserF",
          "score": 0.3333333333333333,
        },
      },
    ],
  },
  "people": {
    "UserB": [
      0,
      0,
      1,
      1,
      3,
    ],
    "UserC": [
      1,
      1,
      0,
      0,
      3,
    ],
    "UserD": [
      0,
      0,
      1,
      1,
      3,
    ],
    "UserE": [
      0,
      0,
      0,
      0,
      1,
    ],
    "UserF": [
      0,
      0,
      0,
      0,
      1,
    ],
  },
}
`;
